<?xml version="1.0" encoding="utf-8"?>

<Geometry>

	<Module name='C09-W0108' X='0' Y='0' Z='0' RX='0.157' RY='0.157' RZ='0' dX='-0.00168602' dY='-0.00248847' dZ='0' dRX='0' dRY='0' dRZ='0.000793902' />
	<Module name='C10_W0108' X='0' Y='0' Z='23' RX='0.157' RY='0.157' RZ='0' dX='-0.00203442' dY='-0.00163227' dZ='0' dRX='0' dRY='0' dRZ='0.000630105' />
	<Module name='D09-W0108' X='0' Y='0' Z='310' RX='0.157' RY='0.157' RZ='0' dX='0' dY='0' dZ='0' dRX='0' dRY='0' dRZ='0' />
	<Module name='F11-W0108' X='0' Y='0' Z='69' RX='0.157' RY='0.157' RZ='0' dX='-0.00201684' dY='-0.00136472' dZ='0' dRX='0' dRY='0' dRZ='0.000523916' />
	<Module name='G08-W0087' X='0' Y='0' Z='357' RX='0.157' RY='0.157' RZ='0' dX='0.000336612' dY='0.000229976' dZ='0' dRX='0' dRY='0' dRZ='-0.000136554' />
	<Module name='H03-W0092' X='0' Y='0' Z='334' RX='0.157' RY='0.157' RZ='0' dX='0.00134435' dY='0.000187836' dZ='0' dRX='0' dRY='0' dRZ='-0.000206447' />
	<Module name='J03-W0089' X='0' Y='0' Z='380' RX='0.157' RY='0.157' RZ='0' dX='0.00036526' dY='0.000455457' dZ='0' dRX='0' dRY='0' dRZ='-0.000227705' />
	<Module name='J08-W0087' X='0' Y='0' Z='46' RX='0.157' RY='0.157' RZ='0' dX='-0.00171154' dY='-0.00143457' dZ='0' dRX='0' dRY='0' dRZ='0.000760815' />
</Geometry>